source: examples/hello.asm
stdin:
stdout: |-
  Hello!

