source: examples/prob5.asm
stdin:
stdout: |-
  670442572800
