source: examples/cat.asm
stdin: |-
  0 48    0
  1 49    1
  2 50    2
  3 51    3
  4 52    4
  5 53    5
  6 54    6
  7 55    7
  8 56    8
  9 57    9
  10 65   A
  12 66   B
  14 67   C
  16 68   D
  18 69   E
  20 70   F
  21 71   G
stdout: |-
  0
