source: examples/prob1.asm
stdin:
stdout: |-
  1013
