source: examples/cat_int.asm
stdin: ''
stdout: ''
