source: examples/prob2.asm
stdin:
stdout: |-
  4613732
